
Allocating common symbols
Common symbol       size              file

ctmp                0x40              ..\obj\main.o

Discarded input sections

 .text          0x00000000        0x0 ..\obj\stm32f10x_dbgmcu.o
 .data          0x00000000        0x0 ..\obj\stm32f10x_dbgmcu.o
 .bss           0x00000000        0x0 ..\obj\stm32f10x_dbgmcu.o
 .text.DBGMCU_GetREVID
                0x00000000       0x1c ..\obj\stm32f10x_dbgmcu.o
 .text.DBGMCU_GetDEVID
                0x00000000       0x20 ..\obj\stm32f10x_dbgmcu.o
 .text.DBGMCU_Config
                0x00000000       0x54 ..\obj\stm32f10x_dbgmcu.o
 .debug_info    0x00000000      0x161 ..\obj\stm32f10x_dbgmcu.o
 .debug_abbrev  0x00000000       0xe0 ..\obj\stm32f10x_dbgmcu.o
 .debug_loc     0x00000000       0x90 ..\obj\stm32f10x_dbgmcu.o
 .debug_aranges
                0x00000000       0x30 ..\obj\stm32f10x_dbgmcu.o
 .debug_ranges  0x00000000       0x20 ..\obj\stm32f10x_dbgmcu.o
 .debug_line    0x00000000      0x1a7 ..\obj\stm32f10x_dbgmcu.o
 .debug_str     0x00000000      0x1b5 ..\obj\stm32f10x_dbgmcu.o
 .comment       0x00000000       0x71 ..\obj\stm32f10x_dbgmcu.o
 .ARM.attributes
                0x00000000       0x33 ..\obj\stm32f10x_dbgmcu.o
 .debug_frame   0x00000000       0x5c ..\obj\stm32f10x_dbgmcu.o
 .text          0x00000000        0x0 ..\obj\system_stm32f10x.o
 .data          0x00000000       0x14 ..\obj\system_stm32f10x.o
 .bss           0x00000000        0x0 ..\obj\system_stm32f10x.o
 .text.SystemCoreClockUpdate
                0x00000000      0x148 ..\obj\system_stm32f10x.o
 .text          0x00000000        0x0 ..\obj\startup_stm32f10x_hd.o
 .data          0x00000000        0x0 ..\obj\startup_stm32f10x_hd.o
 .bss           0x00000000        0x0 ..\obj\startup_stm32f10x_hd.o
 .text          0x00000000        0x0 ..\obj\stm32f10x_gpio.o
 .data          0x00000000        0x0 ..\obj\stm32f10x_gpio.o
 .bss           0x00000000        0x0 ..\obj\stm32f10x_gpio.o
 .text.GPIO_DeInit
                0x00000000      0x128 ..\obj\stm32f10x_gpio.o
 .text.GPIO_AFIODeInit
                0x00000000       0x20 ..\obj\stm32f10x_gpio.o
 .text.GPIO_StructInit
                0x00000000       0x2c ..\obj\stm32f10x_gpio.o
 .text.GPIO_ReadInputDataBit
                0x00000000       0x3c ..\obj\stm32f10x_gpio.o
 .text.GPIO_ReadInputData
                0x00000000       0x1c ..\obj\stm32f10x_gpio.o
 .text.GPIO_ReadOutputDataBit
                0x00000000       0x3c ..\obj\stm32f10x_gpio.o
 .text.GPIO_ReadOutputData
                0x00000000       0x1c ..\obj\stm32f10x_gpio.o
 .text.GPIO_SetBits
                0x00000000       0x1c ..\obj\stm32f10x_gpio.o
 .text.GPIO_ResetBits
                0x00000000       0x1c ..\obj\stm32f10x_gpio.o
 .text.GPIO_Write
                0x00000000       0x1c ..\obj\stm32f10x_gpio.o
 .text.GPIO_PinLockConfig
                0x00000000       0x44 ..\obj\stm32f10x_gpio.o
 .text.GPIO_EventOutputConfig
                0x00000000       0x54 ..\obj\stm32f10x_gpio.o
 .text.GPIO_EventOutputCmd
                0x00000000       0x20 ..\obj\stm32f10x_gpio.o
 .text.GPIO_PinRemapConfig
                0x00000000      0x120 ..\obj\stm32f10x_gpio.o
 .text.GPIO_EXTILineConfig
                0x00000000       0xb0 ..\obj\stm32f10x_gpio.o
 .text.GPIO_ETH_MediaInterfaceConfig
                0x00000000       0x20 ..\obj\stm32f10x_gpio.o
 .text          0x00000000        0x0 ..\obj\main.o
 .data          0x00000000        0x0 ..\obj\main.o
 .bss           0x00000000        0x0 ..\obj\main.o
 COMMON         0x00000000       0x40 ..\obj\main.o
 .text          0x00000000        0x0 ..\obj\stm32f10x_rcc.o
 .data          0x00000000       0x14 ..\obj\stm32f10x_rcc.o
 .bss           0x00000000        0x0 ..\obj\stm32f10x_rcc.o
 .text.RCC_DeInit
                0x00000000       0x9c ..\obj\stm32f10x_rcc.o
 .text.RCC_HSEConfig
                0x00000000       0x88 ..\obj\stm32f10x_rcc.o
 .text.RCC_WaitForHSEStartUp
                0x00000000       0x64 ..\obj\stm32f10x_rcc.o
 .text.RCC_AdjustHSICalibrationValue
                0x00000000       0x48 ..\obj\stm32f10x_rcc.o
 .text.RCC_HSICmd
                0x00000000       0x20 ..\obj\stm32f10x_rcc.o
 .text.RCC_PLLConfig
                0x00000000       0x48 ..\obj\stm32f10x_rcc.o
 .text.RCC_PLLCmd
                0x00000000       0x20 ..\obj\stm32f10x_rcc.o
 .text.RCC_SYSCLKConfig
                0x00000000       0x40 ..\obj\stm32f10x_rcc.o
 .text.RCC_GetSYSCLKSource
                0x00000000       0x20 ..\obj\stm32f10x_rcc.o
 .text.RCC_HCLKConfig
                0x00000000       0x40 ..\obj\stm32f10x_rcc.o
 .text.RCC_PCLK1Config
                0x00000000       0x40 ..\obj\stm32f10x_rcc.o
 .text.RCC_PCLK2Config
                0x00000000       0x44 ..\obj\stm32f10x_rcc.o
 .text.RCC_ITConfig
                0x00000000       0x60 ..\obj\stm32f10x_rcc.o
 .text.RCC_USBCLKConfig
                0x00000000       0x20 ..\obj\stm32f10x_rcc.o
 .text.RCC_ADCCLKConfig
                0x00000000       0x40 ..\obj\stm32f10x_rcc.o
 .text.RCC_LSEConfig
                0x00000000       0x60 ..\obj\stm32f10x_rcc.o
 .text.RCC_LSICmd
                0x00000000       0x20 ..\obj\stm32f10x_rcc.o
 .text.RCC_RTCCLKConfig
                0x00000000       0x2c ..\obj\stm32f10x_rcc.o
 .text.RCC_RTCCLKCmd
                0x00000000       0x20 ..\obj\stm32f10x_rcc.o
 .text.RCC_GetClocksFreq
                0x00000000      0x1d4 ..\obj\stm32f10x_rcc.o
 .text.RCC_AHBPeriphClockCmd
                0x00000000       0x54 ..\obj\stm32f10x_rcc.o
 .text.RCC_APB1PeriphClockCmd
                0x00000000       0x54 ..\obj\stm32f10x_rcc.o
 .text.RCC_APB2PeriphResetCmd
                0x00000000       0x54 ..\obj\stm32f10x_rcc.o
 .text.RCC_APB1PeriphResetCmd
                0x00000000       0x54 ..\obj\stm32f10x_rcc.o
 .text.RCC_BackupResetCmd
                0x00000000       0x20 ..\obj\stm32f10x_rcc.o
 .text.RCC_ClockSecuritySystemCmd
                0x00000000       0x20 ..\obj\stm32f10x_rcc.o
 .text.RCC_GetFlagStatus
                0x00000000       0x90 ..\obj\stm32f10x_rcc.o
 .text.RCC_ClearFlag
                0x00000000       0x24 ..\obj\stm32f10x_rcc.o
 .text.RCC_GetITStatus
                0x00000000       0x40 ..\obj\stm32f10x_rcc.o
 .text.RCC_ClearITPendingBit
                0x00000000       0x20 ..\obj\stm32f10x_rcc.o

Memory Configuration

Name             Origin             Length             Attributes
rom              0x08000000         0x00080000         xr
ram              0x20000000         0x00010000         xrw
*default*        0x00000000         0xffffffff

Linker script and memory map

                0x20010000                _eram = 0x20010000

.text           0x08000000      0xb64
 *(.isr_vector .isr_vector.*)
 .isr_vector    0x08000000      0x134 ..\obj\startup_stm32f10x_hd.o
                0x08000000                g_pfnVectors
 *(.text .text.* .gnu.linkonce.t.*)
 .text.SystemInit
                0x08000134       0xa8 ..\obj\system_stm32f10x.o
                0x08000134                SystemInit
 .text.SetSysClock
                0x080001dc        0xc ..\obj\system_stm32f10x.o
 .text.SetSysClockTo72
                0x080001e8      0x1ac ..\obj\system_stm32f10x.o
 .text.Default_Reset_Handler
                0x08000394       0x70 ..\obj\startup_stm32f10x_hd.o
                0x08000394                Default_Reset_Handler
                0x08000394                Reset_Handler
 .text.Default_Handler
                0x08000404        0x8 ..\obj\startup_stm32f10x_hd.o
                0x08000404                EXTI2_IRQHandler
                0x08000404                TIM8_TRG_COM_IRQHandler
                0x08000404                TIM8_CC_IRQHandler
                0x08000404                DebugMon_Handler
                0x08000404                TIM1_CC_IRQHandler
                0x08000404                HardFault_Handler
                0x08000404                TIM6_IRQHandler
                0x08000404                SysTick_Handler
                0x08000404                PVD_IRQHandler
                0x08000404                SDIO_IRQHandler
                0x08000404                PendSV_Handler
                0x08000404                NMI_Handler
                0x08000404                EXTI3_IRQHandler
                0x08000404                EXTI0_IRQHandler
                0x08000404                I2C2_EV_IRQHandler
                0x08000404                UsageFault_Handler
                0x08000404                ADC1_2_IRQHandler
                0x08000404                SPI1_IRQHandler
                0x08000404                TAMPER_IRQHandler
                0x08000404                TIM8_UP_IRQHandler
                0x08000404                DMA2_Channel2_IRQHandler
                0x08000404                DMA1_Channel4_IRQHandler
                0x08000404                USART3_IRQHandler
                0x08000404                RTC_IRQHandler
                0x08000404                DMA1_Channel7_IRQHandler
                0x08000404                CAN1_RX1_IRQHandler
                0x08000404                UART5_IRQHandler
                0x08000404                ADC3_IRQHandler
                0x08000404                TIM4_IRQHandler
                0x08000404                DMA2_Channel1_IRQHandler
                0x08000404                I2C1_EV_IRQHandler
                0x08000404                DMA1_Channel6_IRQHandler
                0x08000404                UART4_IRQHandler
                0x08000404                TIM3_IRQHandler
                0x08000404                RCC_IRQHandler
                0x08000404                TIM1_TRG_COM_IRQHandler
                0x08000404                DMA1_Channel1_IRQHandler
                0x08000404                EXTI15_10_IRQHandler
                0x08000404                TIM7_IRQHandler
                0x08000404                TIM5_IRQHandler
                0x08000404                EXTI9_5_IRQHandler
                0x08000404                SPI2_IRQHandler
                0x08000404                MemManage_Handler
                0x08000404                SVC_Handler
                0x08000404                DMA1_Channel5_IRQHandler
                0x08000404                EXTI4_IRQHandler
                0x08000404                USB_LP_CAN1_RX0_IRQHandler
                0x08000404                USB_HP_CAN1_TX_IRQHandler
                0x08000404                DMA1_Channel3_IRQHandler
                0x08000404                FSMC_IRQHandler
                0x08000404                TIM1_UP_IRQHandler
                0x08000404                WWDG_IRQHandler
                0x08000404                TIM2_IRQHandler
                0x08000404                TIM1_BRK_IRQHandler
                0x08000404                EXTI1_IRQHandler
                0x08000404                RTCAlarm_IRQHandler
                0x08000404                DMA2_Channel4_5_IRQHandler
                0x08000404                USART2_IRQHandler
                0x08000404                I2C2_ER_IRQHandler
                0x08000404                DMA1_Channel2_IRQHandler
                0x08000404                TIM8_BRK_IRQHandler
                0x08000404                CAN1_SCE_IRQHandler
                0x08000404                FLASH_IRQHandler
                0x08000404                BusFault_Handler
                0x08000404                USART1_IRQHandler
                0x08000404                SPI3_IRQHandler
                0x08000404                I2C1_ER_IRQHandler
                0x08000404                USBWakeUp_IRQHandler
                0x08000404                DMA2_Channel3_IRQHandler
 .text.GPIO_Init
                0x0800040c      0x1b0 ..\obj\stm32f10x_gpio.o
                0x0800040c                GPIO_Init
 .text.GPIO_WriteBit
                0x080005bc       0x30 ..\obj\stm32f10x_gpio.o
                0x080005bc                GPIO_WriteBit
 .text.Delay_us
                0x080005ec       0x84 ..\obj\main.o
                0x080005ec                Delay_us
 .text.pin_blink
                0x08000670       0x48 ..\obj\main.o
                0x08000670                pin_blink
 .text.main     0x080006b8      0x438 ..\obj\main.o
                0x080006b8                main
 .text.RCC_APB2PeriphClockCmd
                0x08000af0       0x54 ..\obj\stm32f10x_rcc.o
                0x08000af0                RCC_APB2PeriphClockCmd
 .text.RCC_MCOConfig
                0x08000b44       0x20 ..\obj\stm32f10x_rcc.o
                0x08000b44                RCC_MCOConfig
 *(.glue_7t)
 .glue_7t       0x00000000        0x0 linker stubs
 *(.glue_7)
 .glue_7        0x00000000        0x0 linker stubs
 *(.rodata .rodata* .gnu.linkonce.r.*)

.vfp11_veneer   0x08000b64        0x0
 .vfp11_veneer  0x00000000        0x0 linker stubs

.v4_bx          0x08000b64        0x0
 .v4_bx         0x00000000        0x0 linker stubs

.iplt           0x08000b64        0x0
 .iplt          0x00000000        0x0 ..\obj\stm32f10x_dbgmcu.o

.rel.dyn        0x08000b64        0x0
 .rel.iplt      0x00000000        0x0 ..\obj\stm32f10x_dbgmcu.o

.ARM.extab
 *(.ARM.extab* .gnu.linkonce.armextab.*)
                0x08000b64                __exidx_start = .

.ARM.exidx
 *(.ARM.exidx* .gnu.linkonce.armexidx.*)
                0x08000b64                __exidx_end = .
                0x08000b64                . = ALIGN (0x4)
                0x08000b64                _etext = .
                0x08000b64                _sidata = .

.data           0x20000000        0x0 load address 0x08000b64
                0x20000000                _sdata = .
 *(.data .data.*)
                0x20000000                . = ALIGN (0x4)
                0x20000000                _edata = .

.igot.plt       0x20000000        0x0
 .igot.plt      0x00000000        0x0 ..\obj\stm32f10x_dbgmcu.o

.bss            0x20000000        0x0
                0x20000000                _sbss = .
 *(.bss .bss.*)
 *(COMMON)
                0x20000000                . = ALIGN (0x4)
                0x20000000                _ebss = .

.co_stack       0x20000000      0x400
                0x20000000                . = ALIGN (0x8)
 *(.co_stack .co_stack.*)
 .co_stack      0x20000000      0x400 ..\obj\startup_stm32f10x_hd.o
                0x20000000                pulStack
                0x20000400                . = ALIGN (0x4)
                0x20000400                _end = .
LOAD ..\obj\stm32f10x_dbgmcu.o
LOAD ..\obj\system_stm32f10x.o
LOAD ..\obj\startup_stm32f10x_hd.o
LOAD ..\obj\stm32f10x_gpio.o
LOAD ..\obj\main.o
LOAD ..\obj\stm32f10x_rcc.o
START GROUP
LOAD c:/program files (x86)/gnu tools arm embedded/4.7 2013q3/bin/../lib/gcc/arm-none-eabi/4.7.4/armv7-m\libgcc.a
LOAD c:/program files (x86)/gnu tools arm embedded/4.7 2013q3/bin/../lib/gcc/arm-none-eabi/4.7.4/../../../../arm-none-eabi/lib/armv7-m\libg.a
LOAD c:/program files (x86)/gnu tools arm embedded/4.7 2013q3/bin/../lib/gcc/arm-none-eabi/4.7.4/../../../../arm-none-eabi/lib/armv7-m\libc.a
END GROUP
OUTPUT(test1.elf elf32-littlearm)

.debug_info     0x00000000     0x199f
 .debug_info    0x00000000      0x4b8 ..\obj\system_stm32f10x.o
 .debug_info    0x000004b8       0xff ..\obj\startup_stm32f10x_hd.o
 .debug_info    0x000005b7      0x739 ..\obj\stm32f10x_gpio.o
 .debug_info    0x00000cf0      0x38a ..\obj\main.o
 .debug_info    0x0000107a      0x925 ..\obj\stm32f10x_rcc.o

.debug_abbrev   0x00000000      0x6e8
 .debug_abbrev  0x00000000      0x14e ..\obj\system_stm32f10x.o
 .debug_abbrev  0x0000014e       0xa9 ..\obj\startup_stm32f10x_hd.o
 .debug_abbrev  0x000001f7      0x1ca ..\obj\stm32f10x_gpio.o
 .debug_abbrev  0x000003c1      0x16b ..\obj\main.o
 .debug_abbrev  0x0000052c      0x1bc ..\obj\stm32f10x_rcc.o

.debug_loc      0x00000000      0xc94
 .debug_loc     0x00000000       0xc8 ..\obj\system_stm32f10x.o
 .debug_loc     0x000000c8       0x64 ..\obj\startup_stm32f10x_hd.o
 .debug_loc     0x0000012c      0x3e4 ..\obj\stm32f10x_gpio.o
 .debug_loc     0x00000510       0xa8 ..\obj\main.o
 .debug_loc     0x000005b8      0x6dc ..\obj\stm32f10x_rcc.o

.debug_aranges  0x00000000      0x250
 .debug_aranges
                0x00000000       0x38 ..\obj\system_stm32f10x.o
 .debug_aranges
                0x00000038       0x28 ..\obj\startup_stm32f10x_hd.o
 .debug_aranges
                0x00000060       0xa8 ..\obj\stm32f10x_gpio.o
 .debug_aranges
                0x00000108       0x30 ..\obj\main.o
 .debug_aranges
                0x00000138      0x118 ..\obj\stm32f10x_rcc.o

.debug_ranges   0x00000000      0x200
 .debug_ranges  0x00000000       0x28 ..\obj\system_stm32f10x.o
 .debug_ranges  0x00000028       0x18 ..\obj\startup_stm32f10x_hd.o
 .debug_ranges  0x00000040       0x98 ..\obj\stm32f10x_gpio.o
 .debug_ranges  0x000000d8       0x20 ..\obj\main.o
 .debug_ranges  0x000000f8      0x108 ..\obj\stm32f10x_rcc.o

.debug_line     0x00000000      0xd83
 .debug_line    0x00000000      0x1e2 ..\obj\system_stm32f10x.o
 .debug_line    0x000001e2       0xa5 ..\obj\startup_stm32f10x_hd.o
 .debug_line    0x00000287      0x378 ..\obj\stm32f10x_gpio.o
 .debug_line    0x000005ff      0x2fe ..\obj\main.o
 .debug_line    0x000008fd      0x486 ..\obj\stm32f10x_rcc.o

.debug_str      0x00000000      0xb4e
 .debug_str     0x00000000      0x248 ..\obj\system_stm32f10x.o
                                0x29d (size before relaxing)
 .debug_str     0x00000248       0xb3 ..\obj\startup_stm32f10x_hd.o
                                0x117 (size before relaxing)
 .debug_str     0x000002fb      0x3b8 ..\obj\stm32f10x_gpio.o
                                0x4c7 (size before relaxing)
 .debug_str     0x000006b3       0xb0 ..\obj\main.o
                                0x2f8 (size before relaxing)
 .debug_str     0x00000763      0x3eb ..\obj\stm32f10x_rcc.o
                                0x5c8 (size before relaxing)

.comment        0x00000000       0x70
 .comment       0x00000000       0x70 ..\obj\system_stm32f10x.o
                                 0x71 (size before relaxing)
 .comment       0x00000000       0x71 ..\obj\startup_stm32f10x_hd.o
 .comment       0x00000000       0x71 ..\obj\stm32f10x_gpio.o
 .comment       0x00000000       0x71 ..\obj\main.o
 .comment       0x00000000       0x71 ..\obj\stm32f10x_rcc.o

.ARM.attributes
                0x00000000       0x33
 .ARM.attributes
                0x00000000       0x33 ..\obj\system_stm32f10x.o
 .ARM.attributes
                0x00000033       0x33 ..\obj\startup_stm32f10x_hd.o
 .ARM.attributes
                0x00000066       0x33 ..\obj\stm32f10x_gpio.o
 .ARM.attributes
                0x00000099       0x33 ..\obj\main.o
 .ARM.attributes
                0x000000cc       0x33 ..\obj\stm32f10x_rcc.o

.debug_frame    0x00000000      0x6c8
 .debug_frame   0x00000000       0x80 ..\obj\system_stm32f10x.o
 .debug_frame   0x00000080       0x48 ..\obj\startup_stm32f10x_hd.o
 .debug_frame   0x000000c8      0x210 ..\obj\stm32f10x_gpio.o
 .debug_frame   0x000002d8       0x68 ..\obj\main.o
 .debug_frame   0x00000340      0x388 ..\obj\stm32f10x_rcc.o
